  1:1    IDENT                x
  1:2    NEWLINE              <newline>
  2:1    IDENT                hello_world
  2:12   NEWLINE              <newline>
  3:1    IDENT                _priv
  3:6    NEWLINE              <newline>
  4:1    RETURN               return
  4:7    NEWLINE              <newline>
  5:1    TRUE                 true
  5:5    NEWLINE              <newline>
  6:1    FALSE                false
  6:6    NEWLINE              <newline>
  7:1    NIL                  nil
  7:4    NEWLINE              <newline>
  8:1    EOF                  <eof>
