  1:1    INT                  0
  1:2    NEWLINE              <newline>
  2:1    INT                  42
  2:3    NEWLINE              <newline>
  3:1    INT                  255
  3:5    NEWLINE              <newline>
  4:1    INT                  10
  4:7    NEWLINE              <newline>
  5:1    INT                  15
  5:5    NEWLINE              <newline>
  6:1    INT                  1000000
  6:10   NEWLINE              <newline>
  7:1    INT                  9223372036854775807
  7:20   NEWLINE              <newline>
  8:1    EOF                  <eof>
